// Jest Snapshot v1, https://goo.gl/fbAQLP

exports[`Contact Page Component Renders contact form page 1`] = `
<div>
  <div
    class="Contact"
  >
    <form
      class="Contact-form"
    >
      <h3>
        Contact Us
      </h3>
      <label>
        <span>
          Your name
        </span>
        <input
          class="Contact-form-name"
          name="name"
          type="text"
        />
      </label>
      <label>
        <span>
          Email
        </span>
        <input
          class="Contact-form-email"
          name="email"
          type="email"
        />
      </label>
      <label>
        <span>
          Message
        </span>
        <textarea
          class="Contact-form-message"
          name="message"
        />
      </label>
      <button
        type="submit"
      >
        Submit
      </button>
    </form>
  </div>
</div>
`;
