// Jest Snapshot v1, https://goo.gl/fbAQLP

exports[`Products Layout Component Renders products layout navigation 1`] = `
<div>
  <div
    class="ProductsLayout"
  >
    <nav>
      <ul>
        <li>
          <a
            href="/products"
          >
            All
          </a>
        </li>
        <li>
          <a
            href="/produce"
          >
            Produce
          </a>
        </li>
        <li>
          <a
            href="/bakery"
          >
            Bakery
          </a>
        </li>
        <li>
          <a
            href="/dairy"
          >
            Dairy/Eggs
          </a>
        </li>
      </ul>
    </nav>
  </div>
</div>
`;
